Error type 7 at Line 10: binary operation on non-number variables
