Error type A at Line 3: Wrong hex format for int '0x77G'
Error type A at Line 4: Wrong hex format for int '0xCS'
Error type A at Line 7: Wrong hex format for char ''\x6u''
Error type A at Line 8: Wrong hex format for char ''\x910''
