Error type B at Line 9: Missing RP ')'
Error type B at Line 11: Missing RP ')'
