Error type A at Line 4: Wrong format for ID '3_wrong_id'
